Downloading https://services.gradle.org/distributions/gradle-8.1.1-bin.zip

Exception in thread "main" java.io.IOException: Downloading from https://services.gradle.org/distributions/gradle-8.1.1-bin.zip failed: timeout (10000ms)
	at org.gradle.wrapper.Download.downloadInternal(Download.java:131)
	at org.gradle.wrapper.Download.download(Download.java:89)
	at org.gradle.wrapper.Install.forceFetch(Install.java:171)
	at org.gradle.wrapper.Install.fetchDistribution(Install.java:104)
	at org.gradle.wrapper.Install.access$400(Install.java:46)
	at org.gradle.wrapper.Install$1.call(Install.java:81)
	at org.gradle.wrapper.Install$1.call(Install.java:68)
	at org.gradle.wrapper.ExclusiveFileAccessManager.access(ExclusiveFileAccessManager.java:69)
	at org.gradle.wrapper.Install.createDist(Install.java:68)
	at org.gradle.wrapper.WrapperExecutor.execute(WrapperExecutor.java:109)
	at org.gradle.wrapper.GradleWrapperMain.main(GradleWrapperMain.java:66)
Caused by: java.net.SocketTimeoutException: Connect timed out
	at java.base/sun.nio.ch.NioSocketImpl.timedFinishConnect(NioSocketImpl.java:551)
	at java.base/sun.nio.ch.NioSocketImpl.connect(NioSocketImpl.java:602)
	at java.base/java.net.SocksSocketImpl.connect(SocksSocketImpl.java:327)
	at java.base/java.net.Socket.connect(Socket.java:633)
	at java.base/sun.security.ssl.SSLSocketImpl.connect(SSLSocketImpl.java:304)
	at java.base/sun.net.NetworkClient.doConnect(NetworkClient.java:178)
	at java.base/sun.net.www.http.HttpClient.openServer(HttpClient.java:533)
	at java.base/sun.net.www.http.HttpClient.openServer(HttpClient.java:638)
	at java.base/sun.net.www.protocol.https.HttpsClient.<init>(HttpsClient.java:266)
	at java.base/sun.net.www.protocol.https.HttpsClient.New(HttpsClient.java:380)
	at java.base/sun.net.www.protocol.https.AbstractDelegateHttpsURLConnection.getNewHttpClient(AbstractDelegateHttpsURLConnection.java:193)
	at java.base/sun.net.www.protocol.http.HttpURLConnection.plainConnect0(HttpURLConnection.java:1262)
	at java.base/sun.net.www.protocol.http.HttpURLConnection.plainConnect(HttpURLConnection.java:1148)
	at java.base/sun.net.www.protocol.https.AbstractDelegateHttpsURLConnection.connect(AbstractDelegateHttpsURLConnection.java:179)
	at java.base/sun.net.www.protocol.http.HttpURLConnection.followRedirect0(HttpURLConnection.java:2974)
	at java.base/sun.net.www.protocol.http.HttpURLConnection.followRedirect(HttpURLConnection.java:2883)
	at java.base/sun.net.www.protocol.http.HttpURLConnection.getInputStream0(HttpURLConnection.java:1979)
	at java.base/sun.net.www.protocol.http.HttpURLConnection.getInputStream(HttpURLConnection.java:1641)
	at java.base/sun.net.www.protocol.https.HttpsURLConnectionImpl.getInputStream(HttpsURLConnectionImpl.java:224)
	at org.gradle.wrapper.Download.downloadInternal(Download.java:109)
	... 10 more
